2026-06-27 23:56:14 | INFO | ML | === RUN START ===
2026-06-27 23:56:14 | INFO | ML | project=ML
2026-06-27 23:56:14 | INFO | ML | repo_dir=ml-07-applied
2026-06-27 23:56:14 | INFO | ML | python=3.14.0
2026-06-27 23:56:14 | INFO | ML | os=Windows 11
2026-06-27 23:56:14 | INFO | ML | shell=powershell
2026-06-27 23:56:14 | INFO | ML | cwd=.
2026-06-27 23:56:14 | INFO | ML | github_actions=False
2026-06-27 23:56:14 | INFO | ML | === RUN START ===
2026-06-27 23:56:14 | INFO | ML | project=ML
2026-06-27 23:56:14 | INFO | ML | repo_dir=ml-07-applied
2026-06-27 23:56:14 | INFO | ML | python=3.14.0
2026-06-27 23:56:14 | INFO | ML | os=Windows 11
2026-06-27 23:56:14 | INFO | ML | shell=powershell
2026-06-27 23:56:14 | INFO | ML | cwd=.
2026-06-27 23:56:14 | INFO | ML | github_actions=False
2026-06-27 23:56:14 | INFO | ML | ========================
2026-06-27 23:56:14 | INFO | ML | START main()
2026-06-27 23:56:14 | INFO | ML | ========================
2026-06-27 23:56:14 | INFO | ML | Load dataset..............
2026-06-27 23:56:14 | INFO | ML | Loading dataset: hours_scores_case
2026-06-27 23:56:14 | INFO | ML | Loaded: 10 rows, 6 columns
2026-06-27 23:56:14 | DEBUG | ML | 
   hours_studied  practice_quizzes  attendance_pct  sleep_hours  prior_score  score
0            2.0                 1              72          6.0           58     62
1            3.5                 2              80          6.5           61     68
2            4.0                 3              85          7.0           64     72
3            5.0                 3              88          7.5           66     76
4            6.0                 4              90          7.0           70     81
2026-06-27 23:56:14 | INFO | ML | Inspect dataset...........
2026-06-27 23:56:14 | INFO | ML | Column names
2026-06-27 23:56:14 | DEBUG | ML | ['hours_studied', 'practice_quizzes', 'attendance_pct', 'sleep_hours', 'prior_score', 'score']
2026-06-27 23:56:14 | INFO | ML | DataFrame info
2026-06-27 23:56:14 | INFO | ML | Dataset shape: 10 rows, 6 columns
2026-06-27 23:56:14 | INFO | ML | Check data quality........
2026-06-27 23:56:14 | INFO | ML | Missing values by column
2026-06-27 23:56:14 | DEBUG | ML | 
hours_studied       0
practice_quizzes    0
attendance_pct      0
sleep_hours         0
prior_score         0
score               0
dtype: int64
2026-06-27 23:56:14 | INFO | ML | Duplicate row count: 0
2026-06-27 23:56:14 | INFO | ML | Create clean view.........
2026-06-27 23:56:14 | INFO | ML | Creating clean modeling view
2026-06-27 23:56:14 | INFO | ML | Clean view: 10 rows, 6 columns
2026-06-27 23:56:14 | INFO | ML | Train supervised model....
2026-06-27 23:56:14 | INFO | ML | Training LinearRegression model
2026-06-27 23:56:14 | INFO | ML | Mean absolute error: 0.48
2026-06-27 23:56:14 | INFO | ML | R-squared: 1.00
2026-06-27 23:56:14 | INFO | ML | Predict one case..........
2026-06-27 23:56:14 | INFO | ML | Predicting one new case
2026-06-27 23:56:14 | INFO | ML | New case:
   hours_studied  practice_quizzes  attendance_pct  sleep_hours  prior_score
0            6.5                 4              92          7.0           72
2026-06-27 23:56:14 | INFO | ML | Predicted score: 83.4
2026-06-27 23:56:14 | INFO | ML | Create charts.............
2026-06-27 23:56:14 | INFO | ML | Creating chart: hours studied vs score
2026-06-27 23:56:14 | INFO | ML | Creating chart: model coefficients
2026-06-27 23:56:14 | INFO | ML | Got a figure Figure(900x500) and axes Axes(0.125,0.11;0.775x0.77) from plt.subplots().
2026-06-27 23:56:14 | INFO | ML | Summarize workflow........
2026-06-27 23:56:14 | INFO | ML | ========================
2026-06-27 23:56:14 | INFO | ML | SUMMARY
2026-06-27 23:56:14 | INFO | ML | ========================
2026-06-27 23:56:14 | INFO | ML | Dataset: hours_scores_case
2026-06-27 23:56:14 | INFO | ML | Original rows: 10
2026-06-27 23:56:14 | INFO | ML | Clean rows: 10
2026-06-27 23:56:14 | INFO | ML | Features: ['hours_studied', 'practice_quizzes', 'attendance_pct', 'sleep_hours', 'prior_score']
2026-06-27 23:56:14 | INFO | ML | Target: score
2026-06-27 23:56:14 | INFO | ML | ----- in a script, call plt.show() once at the end to display all charts -----
2026-06-27 23:56:14 | INFO | ML | ----- in a script, CLOSE the chart windows with the close button to CONTINUE -----
2026-06-27 23:56:17 | INFO | ML | Workflow complete
2026-06-27 23:56:17 | INFO | ML | IMPORTANT: This script creates chart windows.
2026-06-27 23:56:17 | INFO | ML | Close chart windows and terminate this process with CTRL+c as needed.
2026-06-27 23:56:17 | INFO | ML | ========================
2026-06-27 23:56:17 | INFO | ML | Executed successfully!
2026-06-27 23:56:17 | INFO | ML | ========================
2026-06-27 23:56:22 | INFO | ML | === RUN START ===
2026-06-27 23:56:22 | INFO | ML | project=ML
2026-06-27 23:56:22 | INFO | ML | repo_dir=ml-07-applied
2026-06-27 23:56:22 | INFO | ML | python=3.14.0
2026-06-27 23:56:22 | INFO | ML | os=Windows 11
2026-06-27 23:56:22 | INFO | ML | shell=powershell
2026-06-27 23:56:22 | INFO | ML | cwd=.
2026-06-27 23:56:22 | INFO | ML | github_actions=False
2026-06-28 14:24:45 | INFO | ML | === RUN START ===
2026-06-28 14:24:45 | INFO | ML | project=ML
2026-06-28 14:24:45 | INFO | ML | repo_dir=ml-07-applied
2026-06-28 14:24:45 | INFO | ML | python=3.14.0
2026-06-28 14:24:45 | INFO | ML | os=Windows 11
2026-06-28 14:24:45 | INFO | ML | shell=powershell
2026-06-28 14:24:45 | INFO | ML | cwd=.
2026-06-28 14:24:45 | INFO | ML | github_actions=False
2026-06-28 14:24:45 | INFO | ML | === RUN START ===
2026-06-28 14:24:45 | INFO | ML | project=ML
2026-06-28 14:24:45 | INFO | ML | repo_dir=ml-07-applied
2026-06-28 14:24:45 | INFO | ML | python=3.14.0
2026-06-28 14:24:45 | INFO | ML | os=Windows 11
2026-06-28 14:24:45 | INFO | ML | shell=powershell
2026-06-28 14:24:45 | INFO | ML | cwd=.
2026-06-28 14:24:45 | INFO | ML | github_actions=False
2026-06-28 14:24:45 | INFO | ML | ========================
2026-06-28 14:24:45 | INFO | ML | START main()
2026-06-28 14:24:45 | INFO | ML | ========================
2026-06-28 14:24:45 | INFO | ML | Load dataset..............
2026-06-28 14:24:45 | INFO | ML | Loading dataset: hours_scores_case
2026-06-28 14:24:45 | INFO | ML | Loaded: 10 rows, 6 columns
2026-06-28 14:24:45 | DEBUG | ML | 
   hours_studied  practice_quizzes  attendance_pct  sleep_hours  prior_score  score
0            2.0                 1              72          6.0           58     62
1            3.5                 2              80          6.5           61     68
2            4.0                 3              85          7.0           64     72
3            5.0                 3              88          7.5           66     76
4            6.0                 4              90          7.0           70     81
2026-06-28 14:24:45 | INFO | ML | Inspect dataset...........
2026-06-28 14:24:45 | INFO | ML | Column names
2026-06-28 14:24:45 | DEBUG | ML | ['hours_studied', 'practice_quizzes', 'attendance_pct', 'sleep_hours', 'prior_score', 'score']
2026-06-28 14:24:45 | INFO | ML | DataFrame info
2026-06-28 14:24:45 | INFO | ML | Dataset shape: 10 rows, 6 columns
2026-06-28 14:24:45 | INFO | ML | Check data quality........
2026-06-28 14:24:45 | INFO | ML | Missing values by column
2026-06-28 14:24:45 | DEBUG | ML | 
hours_studied       0
practice_quizzes    0
attendance_pct      0
sleep_hours         0
prior_score         0
score               0
dtype: int64
2026-06-28 14:24:45 | INFO | ML | Duplicate row count: 0
2026-06-28 14:24:45 | INFO | ML | Create clean view.........
2026-06-28 14:24:45 | INFO | ML | Creating clean modeling view
2026-06-28 14:24:45 | INFO | ML | Clean view: 10 rows, 6 columns
2026-06-28 14:24:45 | INFO | ML | Train supervised model....
2026-06-28 14:24:45 | INFO | ML | Training LinearRegression model
2026-06-28 14:24:45 | INFO | ML | Mean absolute error: 0.48
2026-06-28 14:24:45 | INFO | ML | R-squared: 1.00
2026-06-28 14:24:45 | INFO | ML | Predict one case..........
2026-06-28 14:24:45 | INFO | ML | Predicting one new case
2026-06-28 14:24:45 | INFO | ML | New case:
   hours_studied  practice_quizzes  attendance_pct  sleep_hours  prior_score
0            6.5                 4              92          7.0           72
2026-06-28 14:24:45 | INFO | ML | Predicted score: 83.4
2026-06-28 14:24:45 | INFO | ML | Create charts.............
2026-06-28 14:24:45 | INFO | ML | Creating chart: hours studied vs score
2026-06-28 14:24:46 | INFO | ML | Creating chart: model coefficients
2026-06-28 14:24:46 | INFO | ML | Got a figure Figure(900x500) and axes Axes(0.125,0.11;0.775x0.77) from plt.subplots().
2026-06-28 14:24:46 | INFO | ML | Summarize workflow........
2026-06-28 14:24:46 | INFO | ML | ========================
2026-06-28 14:24:46 | INFO | ML | SUMMARY
2026-06-28 14:24:46 | INFO | ML | ========================
2026-06-28 14:24:46 | INFO | ML | Dataset: hours_scores_case
2026-06-28 14:24:46 | INFO | ML | Original rows: 10
2026-06-28 14:24:46 | INFO | ML | Clean rows: 10
2026-06-28 14:24:46 | INFO | ML | Features: ['hours_studied', 'practice_quizzes', 'attendance_pct', 'sleep_hours', 'prior_score']
2026-06-28 14:24:46 | INFO | ML | Target: score
2026-06-28 14:24:46 | INFO | ML | ----- in a script, call plt.show() once at the end to display all charts -----
2026-06-28 14:24:46 | INFO | ML | ----- in a script, CLOSE the chart windows with the close button to CONTINUE -----
2026-06-28 14:24:50 | INFO | ML | Workflow complete
2026-06-28 14:24:50 | INFO | ML | IMPORTANT: This script creates chart windows.
2026-06-28 14:24:50 | INFO | ML | Close chart windows and terminate this process with CTRL+c as needed.
2026-06-28 14:24:50 | INFO | ML | ========================
2026-06-28 14:24:50 | INFO | ML | Executed successfully!
2026-06-28 14:24:50 | INFO | ML | ========================
2026-06-28 14:24:58 | INFO | ML | === RUN START ===
2026-06-28 14:24:58 | INFO | ML | project=ML
2026-06-28 14:24:58 | INFO | ML | repo_dir=ml-07-applied
2026-06-28 14:24:58 | INFO | ML | python=3.14.0
2026-06-28 14:24:58 | INFO | ML | os=Windows 11
2026-06-28 14:24:58 | INFO | ML | shell=powershell
2026-06-28 14:24:58 | INFO | ML | cwd=.
2026-06-28 14:24:58 | INFO | ML | github_actions=False
2026-06-28 14:26:15 | INFO | M07 | === RUN START ===
2026-06-28 14:26:15 | INFO | M07 | project=M07
2026-06-28 14:26:15 | INFO | M07 | repo_dir=ml-07-applied
2026-06-28 14:26:15 | INFO | M07 | python=3.14.0
2026-06-28 14:26:15 | INFO | M07 | os=Windows 11
2026-06-28 14:26:15 | INFO | M07 | shell=powershell
2026-06-28 14:26:15 | INFO | M07 | cwd=notebooks
2026-06-28 14:26:15 | INFO | M07 | github_actions=False
2026-06-28 14:26:15 | INFO | M07 | Confirming installation:
2026-06-28 14:26:15 | INFO | M07 |   python:       3.14.0
2026-06-28 14:26:15 | INFO | M07 |   pandas:       3.0.4
2026-06-28 14:26:15 | INFO | M07 |   numpy:        2.5.0
2026-06-28 14:26:15 | INFO | M07 |   matplotlib:   3.11.0
2026-06-28 14:26:15 | INFO | M07 |   seaborn:      0.13.2
2026-06-28 14:26:15 | INFO | M07 |   requests:     2.34.2
2026-06-28 14:26:15 | INFO | M07 | API endpoint: https://ml-penguin-predictor.onrender.com/predict
2026-06-28 14:26:15 | INFO | M07 | Baseline predictions:
2026-06-28 14:26:17 | INFO | ML | === RUN START ===
2026-06-28 14:26:17 | INFO | ML | project=ML
2026-06-28 14:26:17 | INFO | ML | repo_dir=ml-07-applied
2026-06-28 14:26:17 | INFO | ML | python=3.14.0
2026-06-28 14:26:17 | INFO | ML | os=Windows 11
2026-06-28 14:26:17 | INFO | ML | shell=powershell
2026-06-28 14:26:17 | INFO | ML | cwd=.
2026-06-28 14:26:17 | INFO | ML | github_actions=False
2026-06-28 14:26:17 | INFO | ML | === RUN START ===
2026-06-28 14:26:17 | INFO | ML | project=ML
2026-06-28 14:26:17 | INFO | ML | repo_dir=ml-07-applied
2026-06-28 14:26:17 | INFO | ML | python=3.14.0
2026-06-28 14:26:17 | INFO | ML | os=Windows 11
2026-06-28 14:26:17 | INFO | ML | shell=powershell
2026-06-28 14:26:17 | INFO | ML | cwd=.
2026-06-28 14:26:17 | INFO | ML | github_actions=False
2026-06-28 14:26:17 | INFO | ML | ========================
2026-06-28 14:26:17 | INFO | ML | START main()
2026-06-28 14:26:17 | INFO | ML | ========================
2026-06-28 14:26:17 | INFO | ML | Load dataset..............
2026-06-28 14:26:17 | INFO | ML | Loading dataset: hours_scores_case
2026-06-28 14:26:17 | INFO | ML | Loaded: 10 rows, 6 columns
2026-06-28 14:26:17 | DEBUG | ML | 
   hours_studied  practice_quizzes  attendance_pct  sleep_hours  prior_score  score
0            2.0                 1              72          6.0           58     62
1            3.5                 2              80          6.5           61     68
2            4.0                 3              85          7.0           64     72
3            5.0                 3              88          7.5           66     76
4            6.0                 4              90          7.0           70     81
2026-06-28 14:26:17 | INFO | ML | Inspect dataset...........
2026-06-28 14:26:17 | INFO | ML | Column names
2026-06-28 14:26:17 | DEBUG | ML | ['hours_studied', 'practice_quizzes', 'attendance_pct', 'sleep_hours', 'prior_score', 'score']
2026-06-28 14:26:17 | INFO | ML | DataFrame info
2026-06-28 14:26:17 | INFO | ML | Dataset shape: 10 rows, 6 columns
2026-06-28 14:26:17 | INFO | ML | Check data quality........
2026-06-28 14:26:17 | INFO | ML | Missing values by column
2026-06-28 14:26:17 | DEBUG | ML | 
hours_studied       0
practice_quizzes    0
attendance_pct      0
sleep_hours         0
prior_score         0
score               0
dtype: int64
2026-06-28 14:26:17 | INFO | ML | Duplicate row count: 0
2026-06-28 14:26:17 | INFO | ML | Create clean view.........
2026-06-28 14:26:17 | INFO | ML | Creating clean modeling view
2026-06-28 14:26:17 | INFO | ML | Clean view: 10 rows, 6 columns
2026-06-28 14:26:17 | INFO | ML | Train supervised model....
2026-06-28 14:26:17 | INFO | ML | Training LinearRegression model
2026-06-28 14:26:18 | INFO | ML | Mean absolute error: 0.48
2026-06-28 14:26:18 | INFO | ML | R-squared: 1.00
2026-06-28 14:26:18 | INFO | ML | Predict one case..........
2026-06-28 14:26:18 | INFO | ML | Predicting one new case
2026-06-28 14:26:18 | INFO | ML | New case:
   hours_studied  practice_quizzes  attendance_pct  sleep_hours  prior_score
0            6.5                 4              92          7.0           72
2026-06-28 14:26:18 | INFO | ML | Predicted score: 83.4
2026-06-28 14:26:18 | INFO | ML | Create charts.............
2026-06-28 14:26:18 | INFO | ML | Creating chart: hours studied vs score
2026-06-28 14:26:18 | INFO | ML | Creating chart: model coefficients
2026-06-28 14:26:18 | INFO | ML | Got a figure Figure(900x500) and axes Axes(0.125,0.11;0.775x0.77) from plt.subplots().
2026-06-28 14:26:18 | INFO | ML | Summarize workflow........
2026-06-28 14:26:18 | INFO | ML | ========================
2026-06-28 14:26:18 | INFO | ML | SUMMARY
2026-06-28 14:26:18 | INFO | ML | ========================
2026-06-28 14:26:18 | INFO | ML | Dataset: hours_scores_case
2026-06-28 14:26:18 | INFO | ML | Original rows: 10
2026-06-28 14:26:18 | INFO | ML | Clean rows: 10
2026-06-28 14:26:18 | INFO | ML | Features: ['hours_studied', 'practice_quizzes', 'attendance_pct', 'sleep_hours', 'prior_score']
2026-06-28 14:26:18 | INFO | ML | Target: score
2026-06-28 14:26:18 | INFO | ML | ----- in a script, call plt.show() once at the end to display all charts -----
2026-06-28 14:26:18 | INFO | ML | ----- in a script, CLOSE the chart windows with the close button to CONTINUE -----
2026-06-28 14:26:45 | INFO | M07 |   expected=Adelie     got=TIMEOUT (server may be sleeping - try again) [MISMATCH]
2026-06-28 14:27:07 | INFO | M07 |   expected=Chinstrap  got=Chinstrap  [OK]
2026-06-28 14:27:07 | INFO | M07 |   expected=Gentoo     got=Gentoo     [OK]
2026-06-28 14:27:18 | INFO | M07 | bill_length_mm sweep:
2026-06-28 14:27:18 | INFO | M07 |  bill_length_mm prediction
      30.000000     Adelie
      31.578947     Adelie
      33.157895     Adelie
      34.736842     Adelie
      36.315789     Adelie
      37.894737     Adelie
      39.473684     Adelie
      41.052632     Adelie
      42.631579  Chinstrap
      44.210526  Chinstrap
      45.789474  Chinstrap
      47.368421  Chinstrap
      48.947368  Chinstrap
      50.526316  Chinstrap
      52.105263  Chinstrap
      53.684211  Chinstrap
      55.263158  Chinstrap
      56.842105  Chinstrap
      58.421053  Chinstrap
      60.000000  Chinstrap
2026-06-28 14:27:18 | INFO | M07 | ANALYST CHOICE: Where does the prediction shift and does that match your expectation?
2026-06-28 14:28:17 | INFO | M07 | ANALYST CHOICE: What does the boundary shape tell you about the model?
2026-06-28 14:28:17 | INFO | M07 | Edge case results:
2026-06-28 14:28:17 | INFO | M07 |   missing feature        -> ERROR: 400 Client Error: Bad Request for url: https://ml-penguin-predictor.onrender.com/predict
2026-06-28 14:28:18 | INFO | M07 |   extreme bill length    -> Adelie
2026-06-28 14:28:18 | INFO | M07 |   very large bill        -> Chinstrap
2026-06-28 14:28:19 | INFO | M07 |   negative value         -> Adelie
2026-06-28 14:28:19 | INFO | M07 |   zero body mass         -> Adelie
2026-06-28 14:28:19 | INFO | M07 | ANALYST CHOICE: Which edge cases were handled cleanly and which were not?
2026-06-28 14:28:19 | INFO | M07 | ========================
2026-06-28 14:28:19 | INFO | M07 | SUMMARY
2026-06-28 14:28:19 | INFO | M07 | ========================
2026-06-28 14:28:19 | INFO | M07 | API endpoint: https://ml-penguin-predictor.onrender.com/predict
2026-06-28 14:28:19 | INFO | M07 | ========================
2026-06-28 14:30:40 | INFO | ML | Workflow complete
2026-06-28 14:30:40 | INFO | ML | IMPORTANT: This script creates chart windows.
2026-06-28 14:30:40 | INFO | ML | Close chart windows and terminate this process with CTRL+c as needed.
2026-06-28 14:30:40 | INFO | ML | ========================
2026-06-28 14:30:40 | INFO | ML | Executed successfully!
2026-06-28 14:30:40 | INFO | ML | ========================
2026-06-28 14:30:47 | INFO | ML | === RUN START ===
2026-06-28 14:30:47 | INFO | ML | project=ML
2026-06-28 14:30:47 | INFO | ML | repo_dir=ml-07-applied
2026-06-28 14:30:47 | INFO | ML | python=3.14.0
2026-06-28 14:30:47 | INFO | ML | os=Windows 11
2026-06-28 14:30:47 | INFO | ML | shell=powershell
2026-06-28 14:30:47 | INFO | ML | cwd=.
2026-06-28 14:30:47 | INFO | ML | github_actions=False
2026-06-28 14:33:23 | INFO | M07 | === RUN START ===
2026-06-28 14:33:23 | INFO | M07 | project=M07
2026-06-28 14:33:23 | INFO | M07 | repo_dir=ml-07-applied
2026-06-28 14:33:23 | INFO | M07 | python=3.14.0
2026-06-28 14:33:23 | INFO | M07 | os=Windows 11
2026-06-28 14:33:23 | INFO | M07 | shell=powershell
2026-06-28 14:33:23 | INFO | M07 | cwd=notebooks
2026-06-28 14:33:23 | INFO | M07 | github_actions=False
2026-06-28 14:33:23 | INFO | M07 | Confirming installation:
2026-06-28 14:33:23 | INFO | M07 |   python:       3.14.0
2026-06-28 14:33:23 | INFO | M07 |   pandas:       3.0.4
2026-06-28 14:33:23 | INFO | M07 |   numpy:        2.5.0
2026-06-28 14:33:23 | INFO | M07 |   matplotlib:   3.11.0
2026-06-28 14:33:23 | INFO | M07 |   seaborn:      0.13.2
2026-06-28 14:33:23 | INFO | M07 |   requests:     2.34.2
2026-06-28 14:33:23 | INFO | M07 | API endpoint: https://ml-penguin-predictor.onrender.com/predict
2026-06-28 14:33:23 | INFO | M07 | Baseline predictions:
2026-06-28 14:33:24 | INFO | M07 |   expected=Adelie     got=Adelie     [OK]
2026-06-28 14:33:25 | INFO | M07 |   expected=Chinstrap  got=Chinstrap  [OK]
2026-06-28 14:33:25 | INFO | M07 |   expected=Gentoo     got=Gentoo     [OK]
2026-06-28 14:33:36 | INFO | M07 | bill_length_mm sweep:
2026-06-28 14:33:36 | INFO | M07 |  bill_length_mm prediction
      30.000000     Adelie
      31.578947     Adelie
      33.157895     Adelie
      34.736842     Adelie
      36.315789     Adelie
      37.894737     Adelie
      39.473684     Adelie
      41.052632     Adelie
      42.631579  Chinstrap
      44.210526  Chinstrap
      45.789474  Chinstrap
      47.368421  Chinstrap
      48.947368  Chinstrap
      50.526316  Chinstrap
      52.105263  Chinstrap
      53.684211  Chinstrap
      55.263158  Chinstrap
      56.842105  Chinstrap
      58.421053  Chinstrap
      60.000000  Chinstrap
2026-06-28 14:33:36 | INFO | M07 | ANALYST CHOICE: Where does the prediction shift and does that match your expectation?
2026-06-28 14:34:28 | INFO | M07 | ANALYST CHOICE: What does the boundary shape tell you about the model?
2026-06-28 14:34:28 | INFO | M07 | Edge case results:
2026-06-28 14:34:29 | INFO | M07 |   missing feature        -> ERROR: 400 Client Error: Bad Request for url: https://ml-penguin-predictor.onrender.com/predict
2026-06-28 14:34:29 | INFO | M07 |   extreme bill length    -> Adelie
2026-06-28 14:34:30 | INFO | M07 |   very large bill        -> Chinstrap
2026-06-28 14:34:30 | INFO | M07 |   negative value         -> Adelie
2026-06-28 14:34:31 | INFO | M07 |   zero body mass         -> Adelie
2026-06-28 14:34:31 | INFO | M07 | ANALYST CHOICE: Which edge cases were handled cleanly and which were not?
2026-06-28 14:34:31 | INFO | M07 | ========================
2026-06-28 14:34:31 | INFO | M07 | SUMMARY
2026-06-28 14:34:31 | INFO | M07 | ========================
2026-06-28 14:34:31 | INFO | M07 | API endpoint: https://ml-penguin-predictor.onrender.com/predict
2026-06-28 14:34:31 | INFO | M07 | ========================
2026-06-28 15:05:28 | INFO | ML | === RUN START ===
2026-06-28 15:05:28 | INFO | ML | project=ML
2026-06-28 15:05:28 | INFO | ML | repo_dir=ml-07-applied
2026-06-28 15:05:28 | INFO | ML | python=3.14.0
2026-06-28 15:05:28 | INFO | ML | os=Windows 11
2026-06-28 15:05:28 | INFO | ML | shell=powershell
2026-06-28 15:05:28 | INFO | ML | cwd=.
2026-06-28 15:05:28 | INFO | ML | github_actions=False
2026-06-28 15:05:28 | INFO | ML | === RUN START ===
2026-06-28 15:05:28 | INFO | ML | project=ML
2026-06-28 15:05:28 | INFO | ML | repo_dir=ml-07-applied
2026-06-28 15:05:28 | INFO | ML | python=3.14.0
2026-06-28 15:05:28 | INFO | ML | os=Windows 11
2026-06-28 15:05:28 | INFO | ML | shell=powershell
2026-06-28 15:05:28 | INFO | ML | cwd=.
2026-06-28 15:05:28 | INFO | ML | github_actions=False
2026-06-28 15:05:28 | INFO | ML | ========================
2026-06-28 15:05:28 | INFO | ML | START main()
2026-06-28 15:05:28 | INFO | ML | ========================
2026-06-28 15:05:28 | INFO | ML | Load dataset..............
2026-06-28 15:05:28 | INFO | ML | Loading dataset: hours_scores_case
2026-06-28 15:05:29 | INFO | ML | Loaded: 10 rows, 6 columns
2026-06-28 15:05:29 | DEBUG | ML | 
   hours_studied  practice_quizzes  attendance_pct  sleep_hours  prior_score  score
0            2.0                 1              72          6.0           58     62
1            3.5                 2              80          6.5           61     68
2            4.0                 3              85          7.0           64     72
3            5.0                 3              88          7.5           66     76
4            6.0                 4              90          7.0           70     81
2026-06-28 15:05:29 | INFO | ML | Inspect dataset...........
2026-06-28 15:05:29 | INFO | ML | Column names
2026-06-28 15:05:29 | DEBUG | ML | ['hours_studied', 'practice_quizzes', 'attendance_pct', 'sleep_hours', 'prior_score', 'score']
2026-06-28 15:05:29 | INFO | ML | DataFrame info
2026-06-28 15:05:29 | INFO | ML | Dataset shape: 10 rows, 6 columns
2026-06-28 15:05:29 | INFO | ML | Check data quality........
2026-06-28 15:05:29 | INFO | ML | Missing values by column
2026-06-28 15:05:29 | DEBUG | ML | 
hours_studied       0
practice_quizzes    0
attendance_pct      0
sleep_hours         0
prior_score         0
score               0
dtype: int64
2026-06-28 15:05:29 | INFO | ML | Duplicate row count: 0
2026-06-28 15:05:29 | INFO | ML | Create clean view.........
2026-06-28 15:05:29 | INFO | ML | Creating clean modeling view
2026-06-28 15:05:29 | INFO | ML | Clean view: 10 rows, 6 columns
2026-06-28 15:05:29 | INFO | ML | Train supervised model....
2026-06-28 15:05:29 | INFO | ML | Training LinearRegression model
2026-06-28 15:05:29 | INFO | ML | Mean absolute error: 0.48
2026-06-28 15:05:29 | INFO | ML | R-squared: 1.00
2026-06-28 15:05:29 | INFO | ML | Predict one case..........
2026-06-28 15:05:29 | INFO | ML | Predicting one new case
2026-06-28 15:05:29 | INFO | ML | New case:
   hours_studied  practice_quizzes  attendance_pct  sleep_hours  prior_score
0            6.5                 4              92          7.0           72
2026-06-28 15:05:29 | INFO | ML | Predicted score: 83.4
2026-06-28 15:05:29 | INFO | ML | Create charts.............
2026-06-28 15:05:29 | INFO | ML | Creating chart: hours studied vs score
2026-06-28 15:05:29 | INFO | ML | Creating chart: model coefficients
2026-06-28 15:05:29 | INFO | ML | Got a figure Figure(900x500) and axes Axes(0.125,0.11;0.775x0.77) from plt.subplots().
2026-06-28 15:05:29 | INFO | ML | Summarize workflow........
2026-06-28 15:05:29 | INFO | ML | ========================
2026-06-28 15:05:29 | INFO | ML | SUMMARY
2026-06-28 15:05:29 | INFO | ML | ========================
2026-06-28 15:05:29 | INFO | ML | Dataset: hours_scores_case
2026-06-28 15:05:29 | INFO | ML | Original rows: 10
2026-06-28 15:05:29 | INFO | ML | Clean rows: 10
2026-06-28 15:05:29 | INFO | ML | Features: ['hours_studied', 'practice_quizzes', 'attendance_pct', 'sleep_hours', 'prior_score']
2026-06-28 15:05:29 | INFO | ML | Target: score
2026-06-28 15:05:29 | INFO | ML | ----- in a script, call plt.show() once at the end to display all charts -----
2026-06-28 15:05:29 | INFO | ML | ----- in a script, CLOSE the chart windows with the close button to CONTINUE -----
2026-06-28 15:05:32 | INFO | ML | Workflow complete
2026-06-28 15:05:32 | INFO | ML | IMPORTANT: This script creates chart windows.
2026-06-28 15:05:32 | INFO | ML | Close chart windows and terminate this process with CTRL+c as needed.
2026-06-28 15:05:32 | INFO | ML | ========================
2026-06-28 15:05:32 | INFO | ML | Executed successfully!
2026-06-28 15:05:32 | INFO | ML | ========================
2026-06-28 15:05:38 | INFO | ML | === RUN START ===
2026-06-28 15:05:38 | INFO | ML | project=ML
2026-06-28 15:05:38 | INFO | ML | repo_dir=ml-07-applied
2026-06-28 15:05:38 | INFO | ML | python=3.14.0
2026-06-28 15:05:38 | INFO | ML | os=Windows 11
2026-06-28 15:05:38 | INFO | ML | shell=powershell
2026-06-28 15:05:38 | INFO | ML | cwd=.
2026-06-28 15:05:38 | INFO | ML | github_actions=False
2026-06-28 15:06:08 | INFO | M07 | === RUN START ===
2026-06-28 15:06:08 | INFO | M07 | project=M07
2026-06-28 15:06:08 | INFO | M07 | repo_dir=ml-07-applied
2026-06-28 15:06:08 | INFO | M07 | python=3.14.0
2026-06-28 15:06:08 | INFO | M07 | os=Windows 11
2026-06-28 15:06:08 | INFO | M07 | shell=powershell
2026-06-28 15:06:08 | INFO | M07 | cwd=notebooks
2026-06-28 15:06:08 | INFO | M07 | github_actions=False
2026-06-28 15:06:08 | INFO | M07 | Confirming installation:
2026-06-28 15:06:08 | INFO | M07 |   python:       3.14.0
2026-06-28 15:06:08 | INFO | M07 |   pandas:       3.0.4
2026-06-28 15:06:08 | INFO | M07 |   numpy:        2.5.0
2026-06-28 15:06:08 | INFO | M07 |   scikit-learn: 1.9.0
2026-06-28 15:06:08 | INFO | M07 |   seaborn:      0.13.2
2026-06-28 15:06:08 | INFO | M07 |   matplotlib:   3.11.0
2026-06-28 15:06:54 | INFO | M07 | === RUN START ===
2026-06-28 15:06:54 | INFO | M07 | project=M07
2026-06-28 15:06:54 | INFO | M07 | repo_dir=ml-07-applied
2026-06-28 15:06:54 | INFO | M07 | python=3.14.0
2026-06-28 15:06:54 | INFO | M07 | os=Windows 11
2026-06-28 15:06:54 | INFO | M07 | shell=powershell
2026-06-28 15:06:54 | INFO | M07 | cwd=notebooks
2026-06-28 15:06:54 | INFO | M07 | github_actions=False
2026-06-28 15:06:54 | INFO | M07 | Confirming installation:
2026-06-28 15:06:54 | INFO | M07 |   python:       3.14.0
2026-06-28 15:06:54 | INFO | M07 |   pandas:       3.0.4
2026-06-28 15:06:54 | INFO | M07 |   numpy:        2.5.0
2026-06-28 15:06:54 | INFO | M07 |   scikit-learn: 1.9.0
2026-06-28 15:06:54 | INFO | M07 |   seaborn:      0.13.2
2026-06-28 15:06:54 | INFO | M07 |   matplotlib:   3.11.0
2026-06-28 15:07:16 | INFO | ML | === RUN START ===
2026-06-28 15:07:16 | INFO | ML | project=ML
2026-06-28 15:07:16 | INFO | ML | repo_dir=ml-07-applied
2026-06-28 15:07:16 | INFO | ML | python=3.14.0
2026-06-28 15:07:16 | INFO | ML | os=Windows 11
2026-06-28 15:07:16 | INFO | ML | shell=powershell
2026-06-28 15:07:16 | INFO | ML | cwd=.
2026-06-28 15:07:16 | INFO | ML | github_actions=False
2026-06-28 15:07:16 | INFO | ML | === RUN START ===
2026-06-28 15:07:16 | INFO | ML | project=ML
2026-06-28 15:07:16 | INFO | ML | repo_dir=ml-07-applied
2026-06-28 15:07:16 | INFO | ML | python=3.14.0
2026-06-28 15:07:16 | INFO | ML | os=Windows 11
2026-06-28 15:07:16 | INFO | ML | shell=powershell
2026-06-28 15:07:16 | INFO | ML | cwd=.
2026-06-28 15:07:16 | INFO | ML | github_actions=False
2026-06-28 15:07:16 | INFO | ML | ========================
2026-06-28 15:07:16 | INFO | ML | START main()
2026-06-28 15:07:16 | INFO | ML | ========================
2026-06-28 15:07:16 | INFO | ML | Load dataset..............
2026-06-28 15:07:16 | INFO | ML | Loading dataset: hours_scores_case
2026-06-28 15:07:16 | INFO | ML | Loaded: 10 rows, 6 columns
2026-06-28 15:07:16 | DEBUG | ML | 
   hours_studied  practice_quizzes  attendance_pct  sleep_hours  prior_score  score
0            2.0                 1              72          6.0           58     62
1            3.5                 2              80          6.5           61     68
2            4.0                 3              85          7.0           64     72
3            5.0                 3              88          7.5           66     76
4            6.0                 4              90          7.0           70     81
2026-06-28 15:07:16 | INFO | ML | Inspect dataset...........
2026-06-28 15:07:16 | INFO | ML | Column names
2026-06-28 15:07:16 | DEBUG | ML | ['hours_studied', 'practice_quizzes', 'attendance_pct', 'sleep_hours', 'prior_score', 'score']
2026-06-28 15:07:16 | INFO | ML | DataFrame info
2026-06-28 15:07:16 | INFO | ML | Dataset shape: 10 rows, 6 columns
2026-06-28 15:07:16 | INFO | ML | Check data quality........
2026-06-28 15:07:16 | INFO | ML | Missing values by column
2026-06-28 15:07:16 | DEBUG | ML | 
hours_studied       0
practice_quizzes    0
attendance_pct      0
sleep_hours         0
prior_score         0
score               0
dtype: int64
2026-06-28 15:07:16 | INFO | ML | Duplicate row count: 0
2026-06-28 15:07:16 | INFO | ML | Create clean view.........
2026-06-28 15:07:16 | INFO | ML | Creating clean modeling view
2026-06-28 15:07:16 | INFO | ML | Clean view: 10 rows, 6 columns
2026-06-28 15:07:16 | INFO | ML | Train supervised model....
2026-06-28 15:07:16 | INFO | ML | Training LinearRegression model
2026-06-28 15:07:16 | INFO | ML | Mean absolute error: 0.48
2026-06-28 15:07:16 | INFO | ML | R-squared: 1.00
2026-06-28 15:07:16 | INFO | ML | Predict one case..........
2026-06-28 15:07:16 | INFO | ML | Predicting one new case
2026-06-28 15:07:16 | INFO | ML | New case:
   hours_studied  practice_quizzes  attendance_pct  sleep_hours  prior_score
0            6.5                 4              92          7.0           72
2026-06-28 15:07:16 | INFO | ML | Predicted score: 83.4
2026-06-28 15:07:16 | INFO | ML | Create charts.............
2026-06-28 15:07:16 | INFO | ML | Creating chart: hours studied vs score
2026-06-28 15:07:16 | INFO | ML | Creating chart: model coefficients
2026-06-28 15:07:16 | INFO | ML | Got a figure Figure(900x500) and axes Axes(0.125,0.11;0.775x0.77) from plt.subplots().
2026-06-28 15:07:16 | INFO | ML | Summarize workflow........
2026-06-28 15:07:16 | INFO | ML | ========================
2026-06-28 15:07:16 | INFO | ML | SUMMARY
2026-06-28 15:07:16 | INFO | ML | ========================
2026-06-28 15:07:16 | INFO | ML | Dataset: hours_scores_case
2026-06-28 15:07:16 | INFO | ML | Original rows: 10
2026-06-28 15:07:16 | INFO | ML | Clean rows: 10
2026-06-28 15:07:16 | INFO | ML | Features: ['hours_studied', 'practice_quizzes', 'attendance_pct', 'sleep_hours', 'prior_score']
2026-06-28 15:07:16 | INFO | ML | Target: score
2026-06-28 15:07:16 | INFO | ML | ----- in a script, call plt.show() once at the end to display all charts -----
2026-06-28 15:07:16 | INFO | ML | ----- in a script, CLOSE the chart windows with the close button to CONTINUE -----
2026-06-28 15:08:29 | INFO | ML | Workflow complete
2026-06-28 15:08:29 | INFO | ML | IMPORTANT: This script creates chart windows.
2026-06-28 15:08:29 | INFO | ML | Close chart windows and terminate this process with CTRL+c as needed.
2026-06-28 15:08:29 | INFO | ML | ========================
2026-06-28 15:08:29 | INFO | ML | Executed successfully!
2026-06-28 15:08:29 | INFO | ML | ========================
2026-06-28 15:08:34 | INFO | ML | === RUN START ===
2026-06-28 15:08:34 | INFO | ML | project=ML
2026-06-28 15:08:34 | INFO | ML | repo_dir=ml-07-applied
2026-06-28 15:08:34 | INFO | ML | python=3.14.0
2026-06-28 15:08:34 | INFO | ML | os=Windows 11
2026-06-28 15:08:34 | INFO | ML | shell=powershell
2026-06-28 15:08:34 | INFO | ML | cwd=.
2026-06-28 15:08:34 | INFO | ML | github_actions=False
2026-08-12 11:22:44 | INFO | ML | === RUN START ===
2026-08-12 11:22:44 | INFO | ML | project=ML
2026-08-12 11:22:44 | INFO | ML | repo_dir=ml-07-applied
2026-08-12 11:22:44 | INFO | ML | python=3.14.0
2026-08-12 11:22:44 | INFO | ML | os=Windows 11
2026-08-12 11:22:44 | INFO | ML | shell=powershell
2026-08-12 11:22:44 | INFO | ML | cwd=.
2026-08-12 11:22:44 | INFO | ML | github_actions=False
2026-08-12 11:22:44 | INFO | ML | === RUN START ===
2026-08-12 11:22:44 | INFO | ML | project=ML
2026-08-12 11:22:44 | INFO | ML | repo_dir=ml-07-applied
2026-08-12 11:22:44 | INFO | ML | python=3.14.0
2026-08-12 11:22:44 | INFO | ML | os=Windows 11
2026-08-12 11:22:44 | INFO | ML | shell=powershell
2026-08-12 11:22:44 | INFO | ML | cwd=.
2026-08-12 11:22:44 | INFO | ML | github_actions=False
2026-08-12 11:22:44 | INFO | ML | ========================
2026-08-12 11:22:44 | INFO | ML | START main()
2026-08-12 11:22:44 | INFO | ML | ========================
2026-08-12 11:22:44 | INFO | ML | Load dataset..............
2026-08-12 11:22:44 | INFO | ML | Loading dataset: hours_scores_case
2026-08-12 11:22:44 | INFO | ML | Loaded: 10 rows, 6 columns
2026-08-12 11:22:44 | DEBUG | ML | 
   hours_studied  practice_quizzes  attendance_pct  sleep_hours  prior_score  score
0            2.0                 1              72          6.0           58     62
1            3.5                 2              80          6.5           61     68
2            4.0                 3              85          7.0           64     72
3            5.0                 3              88          7.5           66     76
4            6.0                 4              90          7.0           70     81
2026-08-12 11:22:44 | INFO | ML | Inspect dataset...........
2026-08-12 11:22:44 | INFO | ML | Column names
2026-08-12 11:22:44 | DEBUG | ML | ['hours_studied', 'practice_quizzes', 'attendance_pct', 'sleep_hours', 'prior_score', 'score']
2026-08-12 11:22:44 | INFO | ML | DataFrame info
2026-08-12 11:22:44 | INFO | ML | Dataset shape: 10 rows, 6 columns
2026-08-12 11:22:44 | INFO | ML | Check data quality........
2026-08-12 11:22:44 | INFO | ML | Missing values by column
2026-08-12 11:22:44 | DEBUG | ML | 
hours_studied       0
practice_quizzes    0
attendance_pct      0
sleep_hours         0
prior_score         0
score               0
dtype: int64
2026-08-12 11:22:44 | INFO | ML | Duplicate row count: 0
2026-08-12 11:22:44 | INFO | ML | Create clean view.........
2026-08-12 11:22:44 | INFO | ML | Creating clean modeling view
2026-08-12 11:22:44 | INFO | ML | Clean view: 10 rows, 6 columns
2026-08-12 11:22:44 | INFO | ML | Train supervised model....
2026-08-12 11:22:44 | INFO | ML | Training LinearRegression model
2026-08-12 11:22:45 | INFO | ML | Mean absolute error: 0.48
2026-08-12 11:22:45 | INFO | ML | R-squared: 1.00
2026-08-12 11:22:45 | INFO | ML | Predict one case..........
2026-08-12 11:22:45 | INFO | ML | Predicting one new case
2026-08-12 11:22:45 | INFO | ML | New case:
   hours_studied  practice_quizzes  attendance_pct  sleep_hours  prior_score
0            6.5                 4              92          7.0           72
2026-08-12 11:22:45 | INFO | ML | Predicted score: 83.4
2026-08-12 11:22:45 | INFO | ML | Create charts.............
2026-08-12 11:22:45 | INFO | ML | Creating chart: hours studied vs score
2026-08-12 11:22:47 | INFO | ML | Creating chart: model coefficients
2026-08-12 11:22:47 | INFO | ML | Got a figure Figure(900x500) and axes Axes(0.125,0.11;0.775x0.77) from plt.subplots().
2026-08-12 11:22:47 | INFO | ML | Summarize workflow........
2026-08-12 11:22:47 | INFO | ML | ========================
2026-08-12 11:22:47 | INFO | ML | SUMMARY
2026-08-12 11:22:47 | INFO | ML | ========================
2026-08-12 11:22:47 | INFO | ML | Dataset: hours_scores_case
2026-08-12 11:22:47 | INFO | ML | Original rows: 10
2026-08-12 11:22:47 | INFO | ML | Clean rows: 10
2026-08-12 11:22:47 | INFO | ML | Features: ['hours_studied', 'practice_quizzes', 'attendance_pct', 'sleep_hours', 'prior_score']
2026-08-12 11:22:47 | INFO | ML | Target: score
2026-08-12 11:22:47 | INFO | ML | ----- in a script, call plt.show() once at the end to display all charts -----
2026-08-12 11:22:47 | INFO | ML | ----- in a script, CLOSE the chart windows with the close button to CONTINUE -----
2026-08-12 11:22:59 | INFO | ML | Workflow complete
2026-08-12 11:22:59 | INFO | ML | IMPORTANT: This script creates chart windows.
2026-08-12 11:22:59 | INFO | ML | Close chart windows and terminate this process with CTRL+c as needed.
2026-08-12 11:22:59 | INFO | ML | ========================
2026-08-12 11:22:59 | INFO | ML | Executed successfully!
2026-08-12 11:22:59 | INFO | ML | ========================
2026-08-12 11:25:54 | INFO | M07 | === RUN START ===
2026-08-12 11:25:54 | INFO | M07 | project=M07
2026-08-12 11:25:54 | INFO | M07 | repo_dir=ml-07-applied
2026-08-12 11:25:54 | INFO | M07 | python=3.14.0
2026-08-12 11:25:54 | INFO | M07 | os=Windows 11
2026-08-12 11:25:54 | INFO | M07 | shell=powershell
2026-08-12 11:25:54 | INFO | M07 | cwd=notebooks
2026-08-12 11:25:54 | INFO | M07 | github_actions=False
2026-08-12 11:25:54 | INFO | M07 | Confirming installation:
2026-08-12 11:25:54 | INFO | M07 |   python:       3.14.0
2026-08-12 11:25:54 | INFO | M07 |   pandas:       3.0.5
2026-08-12 11:25:54 | INFO | M07 |   numpy:        2.5.2
2026-08-12 11:25:54 | INFO | M07 |   matplotlib:   3.11.1
2026-08-12 11:25:54 | INFO | M07 |   seaborn:      0.13.2
2026-08-12 11:25:54 | INFO | M07 |   requests:     2.34.2
2026-08-12 11:25:54 | INFO | M07 | API endpoint: https://ml-penguin-predictor.onrender.com/predict
2026-08-12 11:25:54 | INFO | M07 | Baseline predictions:
2026-08-12 11:25:55 | INFO | M07 |   expected=Adelie     got=Adelie     [OK]
2026-08-12 11:25:56 | INFO | M07 |   expected=Chinstrap  got=Chinstrap  [OK]
2026-08-12 11:25:56 | INFO | M07 |   expected=Gentoo     got=Gentoo     [OK]
2026-08-12 11:26:09 | INFO | M07 | bill_length_mm sweep:
2026-08-12 11:26:09 | INFO | M07 |  bill_length_mm prediction
      30.000000     Adelie
      31.578947     Adelie
      33.157895     Adelie
      34.736842     Adelie
      36.315789     Adelie
      37.894737     Adelie
      39.473684     Adelie
      41.052632     Adelie
      42.631579  Chinstrap
      44.210526  Chinstrap
      45.789474  Chinstrap
      47.368421  Chinstrap
      48.947368  Chinstrap
      50.526316  Chinstrap
      52.105263  Chinstrap
      53.684211  Chinstrap
      55.263158  Chinstrap
      56.842105  Chinstrap
      58.421053  Chinstrap
      60.000000  Chinstrap
2026-08-12 11:26:09 | INFO | M07 | ANALYST CHOICE: Where does the prediction shift and does that match your expectation?
2026-08-12 11:27:07 | INFO | M07 | ANALYST CHOICE: What does the boundary shape tell you about the model?
2026-08-12 11:27:07 | INFO | M07 | Edge case results:
2026-08-12 11:27:07 | INFO | M07 |   missing feature        -> ERROR: 400 Client Error: Bad Request for url: https://ml-penguin-predictor.onrender.com/predict
2026-08-12 11:27:08 | INFO | M07 |   extreme bill length    -> Adelie
2026-08-12 11:27:09 | INFO | M07 |   very large bill        -> Chinstrap
2026-08-12 11:27:09 | INFO | M07 |   negative value         -> Adelie
2026-08-12 11:27:10 | INFO | M07 |   zero body mass         -> Adelie
2026-08-12 11:27:10 | INFO | M07 | ANALYST CHOICE: Which edge cases were handled cleanly and which were not?
2026-08-12 11:27:10 | INFO | M07 | ========================
2026-08-12 11:27:10 | INFO | M07 | SUMMARY
2026-08-12 11:27:10 | INFO | M07 | ========================
2026-08-12 11:27:10 | INFO | M07 | API endpoint: https://ml-penguin-predictor.onrender.com/predict
2026-08-12 11:27:10 | INFO | M07 | ========================
2026-08-12 11:28:09 | INFO | M07 | === RUN START ===
2026-08-12 11:28:09 | INFO | M07 | project=M07
2026-08-12 11:28:09 | INFO | M07 | repo_dir=ml-07-applied
2026-08-12 11:28:09 | INFO | M07 | python=3.14.0
2026-08-12 11:28:09 | INFO | M07 | os=Windows 11
2026-08-12 11:28:09 | INFO | M07 | shell=powershell
2026-08-12 11:28:09 | INFO | M07 | cwd=notebooks
2026-08-12 11:28:09 | INFO | M07 | github_actions=False
2026-08-12 11:28:09 | INFO | M07 | Confirming installation:
2026-08-12 11:28:09 | INFO | M07 |   python:       3.14.0
2026-08-12 11:28:09 | INFO | M07 |   pandas:       3.0.5
2026-08-12 11:28:09 | INFO | M07 |   numpy:        2.5.2
2026-08-12 11:28:09 | INFO | M07 |   scikit-learn: 1.9.0
2026-08-12 11:28:09 | INFO | M07 |   seaborn:      0.13.2
2026-08-12 11:28:09 | INFO | M07 |   matplotlib:   3.11.1
2026-08-12 11:30:29 | INFO | M07 | === RUN START ===
2026-08-12 11:30:29 | INFO | M07 | project=M07
2026-08-12 11:30:29 | INFO | M07 | repo_dir=ml-07-applied
2026-08-12 11:30:29 | INFO | M07 | python=3.14.0
2026-08-12 11:30:29 | INFO | M07 | os=Windows 11
2026-08-12 11:30:29 | INFO | M07 | shell=powershell
2026-08-12 11:30:29 | INFO | M07 | cwd=notebooks
2026-08-12 11:30:29 | INFO | M07 | github_actions=False
2026-08-12 11:30:29 | INFO | M07 | Confirming installation:
2026-08-12 11:30:29 | INFO | M07 |   python:       3.14.0
2026-08-12 11:30:29 | INFO | M07 |   pandas:       3.0.5
2026-08-12 11:30:29 | INFO | M07 |   numpy:        2.5.2
2026-08-12 11:30:29 | INFO | M07 |   scikit-learn: 1.9.0
2026-08-12 11:30:29 | INFO | M07 |   seaborn:      0.13.2
2026-08-12 11:30:29 | INFO | M07 |   matplotlib:   3.11.1
2026-08-12 11:32:15 | INFO | M07 | === RUN START ===
2026-08-12 11:32:15 | INFO | M07 | project=M07
2026-08-12 11:32:15 | INFO | M07 | repo_dir=ml-07-applied
2026-08-12 11:32:15 | INFO | M07 | python=3.14.0
2026-08-12 11:32:15 | INFO | M07 | os=Windows 11
2026-08-12 11:32:15 | INFO | M07 | shell=powershell
2026-08-12 11:32:15 | INFO | M07 | cwd=notebooks
2026-08-12 11:32:15 | INFO | M07 | github_actions=False
2026-08-12 11:32:15 | INFO | M07 | Confirming installation:
2026-08-12 11:32:15 | INFO | M07 |   python:       3.14.0
2026-08-12 11:32:15 | INFO | M07 |   pandas:       3.0.5
2026-08-12 11:32:15 | INFO | M07 |   numpy:        2.5.2
2026-08-12 11:32:15 | INFO | M07 |   scikit-learn: 1.9.0
2026-08-12 11:32:16 | INFO | M07 |   seaborn:      0.13.2
2026-08-12 11:32:16 | INFO | M07 |   matplotlib:   3.11.1
2026-08-12 11:33:08 | INFO | M07 | === RUN START ===
2026-08-12 11:33:08 | INFO | M07 | project=M07
2026-08-12 11:33:08 | INFO | M07 | repo_dir=ml-07-applied
2026-08-12 11:33:08 | INFO | M07 | python=3.14.0
2026-08-12 11:33:08 | INFO | M07 | os=Windows 11
2026-08-12 11:33:08 | INFO | M07 | shell=powershell
2026-08-12 11:33:08 | INFO | M07 | cwd=notebooks
2026-08-12 11:33:08 | INFO | M07 | github_actions=False
2026-08-12 11:33:08 | INFO | M07 | Confirming installation:
2026-08-12 11:33:08 | INFO | M07 |   python:       3.14.0
2026-08-12 11:33:08 | INFO | M07 |   pandas:       3.0.5
2026-08-12 11:33:08 | INFO | M07 |   numpy:        2.5.2
2026-08-12 11:33:08 | INFO | M07 |   scikit-learn: 1.9.0
2026-08-12 11:33:08 | INFO | M07 |   seaborn:      0.13.2
2026-08-12 11:33:08 | INFO | M07 |   matplotlib:   3.11.1
2026-08-12 11:33:08 | INFO | M07 | Image data: 1797 images, 64 pixel features each
2026-08-12 11:33:08 | INFO | M07 | Classes (digits): [0, 1, 2, 3, 4, 5, 6, 7, 8, 9]
2026-08-12 11:33:09 | INFO | M07 | Image test accuracy: 0.969
2026-08-12 11:33:09 | INFO | M07 | Showing confusion matrix (which digits get confused)
2026-08-12 11:33:10 | INFO | M07 | Which digits confuse each other, and does the pixel view explain why?
2026-08-12 11:33:41 | INFO | M07 | === RUN START ===
2026-08-12 11:33:41 | INFO | M07 | project=M07
2026-08-12 11:33:41 | INFO | M07 | repo_dir=ml-07-applied
2026-08-12 11:33:41 | INFO | M07 | python=3.14.0
2026-08-12 11:33:41 | INFO | M07 | os=Windows 11
2026-08-12 11:33:41 | INFO | M07 | shell=powershell
2026-08-12 11:33:41 | INFO | M07 | cwd=notebooks
2026-08-12 11:33:41 | INFO | M07 | github_actions=False
2026-08-12 11:33:41 | INFO | M07 | Confirming installation:
2026-08-12 11:33:41 | INFO | M07 |   python:       3.14.0
2026-08-12 11:33:41 | INFO | M07 |   pandas:       3.0.5
2026-08-12 11:33:41 | INFO | M07 |   numpy:        2.5.2
2026-08-12 11:33:41 | INFO | M07 |   scikit-learn: 1.9.0
2026-08-12 11:33:41 | INFO | M07 |   seaborn:      0.13.2
2026-08-12 11:33:41 | INFO | M07 |   matplotlib:   3.11.1
2026-08-12 11:33:41 | INFO | M07 | Text corpus: 24 documents, classes=['cooking', 'space', 'sports']
2026-08-12 11:33:41 | INFO | M07 | Vocabulary size (features): 107
2026-08-12 11:33:41 | INFO | M07 | Text test accuracy: 0.500
2026-08-12 11:33:41 | INFO | M07 |   predicted 'sports'  <-  'the midfielder scored in the last minute of the game'
2026-08-12 11:33:41 | INFO | M07 |   predicted 'cooking'  <-  'stir the sauce and bake the casserole until golden'
2026-08-12 11:33:41 | INFO | M07 | TF-IDF ignored word order. Did any misread sentence reveal that limit?
2026-08-12 11:33:41 | INFO | M07 | Image data: 1797 images, 64 pixel features each
2026-08-12 11:33:41 | INFO | M07 | Classes (digits): [0, 1, 2, 3, 4, 5, 6, 7, 8, 9]
2026-08-12 11:33:42 | INFO | M07 | Image test accuracy: 0.969
2026-08-12 11:33:42 | INFO | M07 | Showing confusion matrix (which digits get confused)
2026-08-12 11:33:42 | INFO | M07 | Which digits confuse each other, and does the pixel view explain why?
2026-08-12 11:36:16 | INFO | ML | === RUN START ===
2026-08-12 11:36:16 | INFO | ML | project=ML
2026-08-12 11:36:16 | INFO | ML | repo_dir=ml-07-applied
2026-08-12 11:36:16 | INFO | ML | python=3.14.0
2026-08-12 11:36:16 | INFO | ML | os=Windows 11
2026-08-12 11:36:16 | INFO | ML | shell=powershell
2026-08-12 11:36:16 | INFO | ML | cwd=.
2026-08-12 11:36:16 | INFO | ML | github_actions=False
2026-08-13 15:18:41 | INFO | ML | === RUN START ===
2026-08-13 15:18:41 | INFO | ML | project=ML
2026-08-13 15:18:41 | INFO | ML | repo_dir=ml-07-applied
2026-08-13 15:18:41 | INFO | ML | python=3.14.7
2026-08-13 15:18:41 | INFO | ML | os=Linux 6.8.0-1052-azure
2026-08-13 15:18:41 | INFO | ML | shell=bash
2026-08-13 15:18:41 | INFO | ML | cwd=.
2026-08-13 15:18:41 | INFO | ML | github_actions=False
2026-08-13 15:18:41 | INFO | ML | === RUN START ===
2026-08-13 15:18:41 | INFO | ML | project=ML
2026-08-13 15:18:41 | INFO | ML | repo_dir=ml-07-applied
2026-08-13 15:18:41 | INFO | ML | python=3.14.7
2026-08-13 15:18:41 | INFO | ML | os=Linux 6.8.0-1052-azure
2026-08-13 15:18:41 | INFO | ML | shell=bash
2026-08-13 15:18:41 | INFO | ML | cwd=.
2026-08-13 15:18:41 | INFO | ML | github_actions=False
2026-08-13 15:18:41 | INFO | ML | ========================
2026-08-13 15:18:41 | INFO | ML | START main()
2026-08-13 15:18:41 | INFO | ML | ========================
2026-08-13 15:18:41 | INFO | ML | Load dataset..............
2026-08-13 15:18:41 | INFO | ML | Loading dataset: hours_scores_case
2026-08-13 15:18:41 | INFO | ML | Loaded: 10 rows, 6 columns
2026-08-13 15:18:41 | DEBUG | ML | 
   hours_studied  practice_quizzes  attendance_pct  sleep_hours  prior_score  score
0            2.0                 1              72          6.0           58     62
1            3.5                 2              80          6.5           61     68
2            4.0                 3              85          7.0           64     72
3            5.0                 3              88          7.5           66     76
4            6.0                 4              90          7.0           70     81
2026-08-13 15:18:41 | INFO | ML | Inspect dataset...........
2026-08-13 15:18:41 | INFO | ML | Column names
2026-08-13 15:18:41 | DEBUG | ML | ['hours_studied', 'practice_quizzes', 'attendance_pct', 'sleep_hours', 'prior_score', 'score']
2026-08-13 15:18:41 | INFO | ML | DataFrame info
2026-08-13 15:18:41 | INFO | ML | Dataset shape: 10 rows, 6 columns
2026-08-13 15:18:41 | INFO | ML | Check data quality........
2026-08-13 15:18:41 | INFO | ML | Missing values by column
2026-08-13 15:18:41 | DEBUG | ML | 
hours_studied       0
practice_quizzes    0
attendance_pct      0
sleep_hours         0
prior_score         0
score               0
dtype: int64
2026-08-13 15:18:41 | INFO | ML | Duplicate row count: 0
2026-08-13 15:18:41 | INFO | ML | Create clean view.........
2026-08-13 15:18:41 | INFO | ML | Creating clean modeling view
2026-08-13 15:18:41 | INFO | ML | Clean view: 10 rows, 6 columns
2026-08-13 15:18:41 | INFO | ML | Train supervised model....
2026-08-13 15:18:41 | INFO | ML | Training LinearRegression model
2026-08-13 15:18:41 | INFO | ML | Mean absolute error: 0.48
2026-08-13 15:18:41 | INFO | ML | R-squared: 1.00
2026-08-13 15:18:41 | INFO | ML | Predict one case..........
2026-08-13 15:18:41 | INFO | ML | Predicting one new case
2026-08-13 15:18:41 | INFO | ML | New case:
   hours_studied  practice_quizzes  attendance_pct  sleep_hours  prior_score
0            6.5                 4              92          7.0           72
2026-08-13 15:18:41 | INFO | ML | Predicted score: 83.4
2026-08-13 15:18:41 | INFO | ML | Create charts.............
2026-08-13 15:18:41 | INFO | ML | Creating chart: hours studied vs score
2026-08-13 15:18:41 | INFO | ML | Creating chart: model coefficients
2026-08-13 15:18:41 | INFO | ML | Got a figure Figure(900x500) and axes Axes(0.125,0.11;0.775x0.77) from plt.subplots().
2026-08-13 15:18:41 | INFO | ML | Summarize workflow........
2026-08-13 15:18:41 | INFO | ML | ========================
2026-08-13 15:18:41 | INFO | ML | SUMMARY
2026-08-13 15:18:41 | INFO | ML | ========================
2026-08-13 15:18:41 | INFO | ML | Dataset: hours_scores_case
2026-08-13 15:18:41 | INFO | ML | Original rows: 10
2026-08-13 15:18:41 | INFO | ML | Clean rows: 10
2026-08-13 15:18:41 | INFO | ML | Features: ['hours_studied', 'practice_quizzes', 'attendance_pct', 'sleep_hours', 'prior_score']
2026-08-13 15:18:41 | INFO | ML | Target: score
2026-08-13 15:18:41 | INFO | ML | ----- in a script, call plt.show() once at the end to display all charts -----
2026-08-13 15:18:41 | INFO | ML | ----- in a script, CLOSE the chart windows with the close button to CONTINUE -----
2026-08-13 15:18:41 | INFO | ML | Workflow complete
2026-08-13 15:18:41 | INFO | ML | IMPORTANT: This script creates chart windows.
2026-08-13 15:18:41 | INFO | ML | Close chart windows and terminate this process with CTRL+c as needed.
2026-08-13 15:18:41 | INFO | ML | ========================
2026-08-13 15:18:41 | INFO | ML | Executed successfully!
2026-08-13 15:18:41 | INFO | ML | ========================
2026-08-13 15:19:36 | INFO | M07 | === RUN START ===
2026-08-13 15:19:36 | INFO | M07 | project=M07
2026-08-13 15:19:36 | INFO | M07 | repo_dir=ml-07-applied
2026-08-13 15:19:36 | INFO | M07 | python=3.14.7
2026-08-13 15:19:36 | INFO | M07 | os=Linux 6.8.0-1052-azure
2026-08-13 15:19:36 | INFO | M07 | shell=bash
2026-08-13 15:19:36 | INFO | M07 | cwd=notebooks
2026-08-13 15:19:36 | INFO | M07 | github_actions=False
2026-08-13 15:19:36 | INFO | M07 | Confirming installation:
2026-08-13 15:19:36 | INFO | M07 |   python:       3.14.7
2026-08-13 15:19:36 | INFO | M07 |   pandas:       3.0.5
2026-08-13 15:19:36 | INFO | M07 |   numpy:        2.5.2
2026-08-13 15:19:36 | INFO | M07 |   matplotlib:   3.11.1
2026-08-13 15:19:36 | INFO | M07 |   seaborn:      0.13.2
2026-08-13 15:19:36 | INFO | M07 |   requests:     2.34.2
2026-08-13 15:19:36 | INFO | M07 | API endpoint: https://ml-penguin-predictor.onrender.com/predict
2026-08-13 15:19:36 | INFO | M07 | Baseline predictions:
2026-08-13 15:19:37 | INFO | M07 |   expected=Adelie     got=Adelie     [OK]
2026-08-13 15:19:37 | INFO | M07 |   expected=Chinstrap  got=Chinstrap  [OK]
2026-08-13 15:19:37 | INFO | M07 |   expected=Gentoo     got=Gentoo     [OK]
2026-08-13 15:19:41 | INFO | M07 | bill_length_mm sweep:
2026-08-13 15:19:41 | INFO | M07 |  bill_length_mm prediction
      30.000000     Adelie
      31.578947     Adelie
      33.157895     Adelie
      34.736842     Adelie
      36.315789     Adelie
      37.894737     Adelie
      39.473684     Adelie
      41.052632     Adelie
      42.631579  Chinstrap
      44.210526  Chinstrap
      45.789474  Chinstrap
      47.368421  Chinstrap
      48.947368  Chinstrap
      50.526316  Chinstrap
      52.105263  Chinstrap
      53.684211  Chinstrap
      55.263158  Chinstrap
      56.842105  Chinstrap
      58.421053  Chinstrap
      60.000000  Chinstrap
2026-08-13 15:19:42 | INFO | M07 | ANALYST CHOICE: Where does the prediction shift and does that match your expectation?
2026-08-13 15:20:01 | INFO | M07 | ANALYST CHOICE: What does the boundary shape tell you about the model?
2026-08-13 15:20:01 | INFO | M07 | Edge case results:
2026-08-13 15:20:01 | INFO | M07 |   missing feature        -> ERROR: 400 Client Error: Bad Request for url: https://ml-penguin-predictor.onrender.com/predict
2026-08-13 15:20:01 | INFO | M07 |   extreme bill length    -> Adelie
2026-08-13 15:20:02 | INFO | M07 |   very large bill        -> Chinstrap
2026-08-13 15:20:02 | INFO | M07 |   negative value         -> Adelie
2026-08-13 15:20:02 | INFO | M07 |   zero body mass         -> Adelie
2026-08-13 15:20:02 | INFO | M07 | ANALYST CHOICE: Which edge cases were handled cleanly and which were not?
2026-08-13 15:20:02 | INFO | M07 | ========================
2026-08-13 15:20:02 | INFO | M07 | SUMMARY
2026-08-13 15:20:02 | INFO | M07 | ========================
2026-08-13 15:20:02 | INFO | M07 | API endpoint: https://ml-penguin-predictor.onrender.com/predict
2026-08-13 15:20:02 | INFO | M07 | ========================
2026-08-13 15:21:37 | INFO | M07 | === RUN START ===
2026-08-13 15:21:37 | INFO | M07 | project=M07
2026-08-13 15:21:37 | INFO | M07 | repo_dir=ml-07-applied
2026-08-13 15:21:37 | INFO | M07 | python=3.14.7
2026-08-13 15:21:37 | INFO | M07 | os=Linux 6.8.0-1052-azure
2026-08-13 15:21:37 | INFO | M07 | shell=bash
2026-08-13 15:21:37 | INFO | M07 | cwd=notebooks
2026-08-13 15:21:37 | INFO | M07 | github_actions=False
2026-08-13 15:21:37 | INFO | M07 | Confirming installation:
2026-08-13 15:21:37 | INFO | M07 |   python:       3.14.7
2026-08-13 15:21:37 | INFO | M07 |   pandas:       3.0.5
2026-08-13 15:21:37 | INFO | M07 |   numpy:        2.5.2
2026-08-13 15:21:37 | INFO | M07 |   matplotlib:   3.11.1
2026-08-13 15:21:37 | INFO | M07 |   seaborn:      0.13.2
2026-08-13 15:21:37 | INFO | M07 |   requests:     2.34.2
2026-08-13 15:21:37 | INFO | M07 | API endpoint: https://ml-06-serving.onrender.com/predict
2026-08-13 15:21:37 | INFO | M07 | Baseline predictions:
2026-08-13 15:22:08 | INFO | M07 |   expected=Adelie     got=TIMEOUT (server may be sleeping - try again) [MISMATCH]
2026-08-13 15:22:38 | INFO | M07 |   expected=Chinstrap  got=TIMEOUT (server may be sleeping - try again) [MISMATCH]
2026-08-13 15:22:40 | INFO | M07 |   expected=Gentoo     got=Gentoo     [OK]
2026-08-13 15:22:45 | INFO | M07 | bill_length_mm sweep:
2026-08-13 15:22:45 | INFO | M07 |  bill_length_mm prediction
      30.000000     Adelie
      31.578947     Adelie
      33.157895     Adelie
      34.736842     Adelie
      36.315789     Adelie
      37.894737     Adelie
      39.473684     Adelie
      41.052632     Adelie
      42.631579  Chinstrap
      44.210526  Chinstrap
      45.789474  Chinstrap
      47.368421  Chinstrap
      48.947368  Chinstrap
      50.526316  Chinstrap
      52.105263  Chinstrap
      53.684211  Chinstrap
      55.263158  Chinstrap
      56.842105  Chinstrap
      58.421053  Chinstrap
      60.000000  Chinstrap
2026-08-13 15:22:45 | INFO | M07 | ANALYST CHOICE: Where does the prediction shift and does that match your expectation?
2026-08-13 15:23:12 | INFO | M07 | ANALYST CHOICE: What does the boundary shape tell you about the model?
2026-08-13 15:23:12 | INFO | M07 | Edge case results:
2026-08-13 15:23:12 | INFO | M07 |   missing feature        -> ERROR: 422 Client Error: Unprocessable Entity for url: https://ml-06-serving.onrender.com/predict
2026-08-13 15:23:13 | INFO | M07 |   extreme bill length    -> Adelie
2026-08-13 15:23:13 | INFO | M07 |   very large bill        -> Chinstrap
2026-08-13 15:23:13 | INFO | M07 |   negative value         -> Adelie
2026-08-13 15:23:13 | INFO | M07 |   zero body mass         -> Adelie
2026-08-13 15:23:13 | INFO | M07 | ANALYST CHOICE: Which edge cases were handled cleanly and which were not?
2026-08-13 15:23:13 | INFO | M07 | ========================
2026-08-13 15:23:13 | INFO | M07 | SUMMARY
2026-08-13 15:23:13 | INFO | M07 | ========================
2026-08-13 15:23:13 | INFO | M07 | API endpoint: https://ml-06-serving.onrender.com/predict
2026-08-13 15:23:13 | INFO | M07 | ========================
2026-08-13 15:23:50 | INFO | M07 | === RUN START ===
2026-08-13 15:23:50 | INFO | M07 | project=M07
2026-08-13 15:23:50 | INFO | M07 | repo_dir=ml-07-applied
2026-08-13 15:23:50 | INFO | M07 | python=3.14.7
2026-08-13 15:23:50 | INFO | M07 | os=Linux 6.8.0-1052-azure
2026-08-13 15:23:50 | INFO | M07 | shell=bash
2026-08-13 15:23:50 | INFO | M07 | cwd=notebooks
2026-08-13 15:23:50 | INFO | M07 | github_actions=False
2026-08-13 15:23:50 | INFO | M07 | Confirming installation:
2026-08-13 15:23:50 | INFO | M07 |   python:       3.14.7
2026-08-13 15:23:50 | INFO | M07 |   pandas:       3.0.5
2026-08-13 15:23:50 | INFO | M07 |   numpy:        2.5.2
2026-08-13 15:23:50 | INFO | M07 |   matplotlib:   3.11.1
2026-08-13 15:23:50 | INFO | M07 |   seaborn:      0.13.2
2026-08-13 15:23:50 | INFO | M07 |   requests:     2.34.2
2026-08-13 15:23:50 | INFO | M07 | API endpoint: https://ml-06-serving.onrender.com/predict
2026-08-13 15:23:50 | INFO | M07 | Baseline predictions:
2026-08-13 15:23:50 | INFO | M07 |   expected=Adelie     got=Adelie     [OK]
2026-08-13 15:23:51 | INFO | M07 |   expected=Chinstrap  got=Chinstrap  [OK]
2026-08-13 15:23:51 | INFO | M07 |   expected=Gentoo     got=Gentoo     [OK]
2026-08-13 15:23:56 | INFO | M07 | bill_length_mm sweep:
2026-08-13 15:23:56 | INFO | M07 |  bill_length_mm prediction
      30.000000     Adelie
      31.578947     Adelie
      33.157895     Adelie
      34.736842     Adelie
      36.315789     Adelie
      37.894737     Adelie
      39.473684     Adelie
      41.052632     Adelie
      42.631579  Chinstrap
      44.210526  Chinstrap
      45.789474  Chinstrap
      47.368421  Chinstrap
      48.947368  Chinstrap
      50.526316  Chinstrap
      52.105263  Chinstrap
      53.684211  Chinstrap
      55.263158  Chinstrap
      56.842105  Chinstrap
      58.421053  Chinstrap
      60.000000  Chinstrap
2026-08-13 15:23:56 | INFO | M07 | ANALYST CHOICE: Where does the prediction shift and does that match your expectation?
2026-08-13 15:24:22 | INFO | M07 | ANALYST CHOICE: What does the boundary shape tell you about the model?
2026-08-13 15:24:22 | INFO | M07 | Edge case results:
2026-08-13 15:24:23 | INFO | M07 |   missing feature        -> ERROR: 422 Client Error: Unprocessable Entity for url: https://ml-06-serving.onrender.com/predict
2026-08-13 15:24:23 | INFO | M07 |   extreme bill length    -> Adelie
2026-08-13 15:24:23 | INFO | M07 |   very large bill        -> Chinstrap
2026-08-13 15:24:23 | INFO | M07 |   negative value         -> Adelie
2026-08-13 15:24:23 | INFO | M07 |   zero body mass         -> Adelie
2026-08-13 15:24:23 | INFO | M07 | ANALYST CHOICE: Which edge cases were handled cleanly and which were not?
2026-08-13 15:24:23 | INFO | M07 | ========================
2026-08-13 15:24:23 | INFO | M07 | SUMMARY
2026-08-13 15:24:23 | INFO | M07 | ========================
2026-08-13 15:24:23 | INFO | M07 | API endpoint: https://ml-06-serving.onrender.com/predict
2026-08-13 15:24:23 | INFO | M07 | ========================
2026-08-13 15:35:25 | INFO | M07 | === RUN START ===
2026-08-13 15:35:25 | INFO | M07 | project=M07
2026-08-13 15:35:25 | INFO | M07 | repo_dir=ml-07-applied
2026-08-13 15:35:25 | INFO | M07 | python=3.14.7
2026-08-13 15:35:25 | INFO | M07 | os=Linux 6.8.0-1052-azure
2026-08-13 15:35:25 | INFO | M07 | shell=bash
2026-08-13 15:35:25 | INFO | M07 | cwd=notebooks
2026-08-13 15:35:25 | INFO | M07 | github_actions=False
2026-08-13 15:35:25 | INFO | M07 | Confirming installation:
2026-08-13 15:35:25 | INFO | M07 |   python:       3.14.7
2026-08-13 15:35:25 | INFO | M07 |   pandas:       3.0.5
2026-08-13 15:35:25 | INFO | M07 |   numpy:        2.5.2
2026-08-13 15:35:25 | INFO | M07 |   matplotlib:   3.11.1
2026-08-13 15:35:25 | INFO | M07 |   seaborn:      0.13.2
2026-08-13 15:35:25 | INFO | M07 |   requests:     2.34.2
2026-08-13 15:35:49 | INFO | M07 | === RUN START ===
2026-08-13 15:35:49 | INFO | M07 | project=M07
2026-08-13 15:35:49 | INFO | M07 | repo_dir=ml-07-applied
2026-08-13 15:35:49 | INFO | M07 | python=3.14.7
2026-08-13 15:35:49 | INFO | M07 | os=Linux 6.8.0-1052-azure
2026-08-13 15:35:49 | INFO | M07 | shell=bash
2026-08-13 15:35:49 | INFO | M07 | cwd=notebooks
2026-08-13 15:35:49 | INFO | M07 | github_actions=False
2026-08-13 15:35:49 | INFO | M07 | Confirming installation:
2026-08-13 15:35:49 | INFO | M07 |   python:       3.14.7
2026-08-13 15:35:49 | INFO | M07 |   pandas:       3.0.5
2026-08-13 15:35:49 | INFO | M07 |   numpy:        2.5.2
2026-08-13 15:35:49 | INFO | M07 |   matplotlib:   3.11.1
2026-08-13 15:35:49 | INFO | M07 |   seaborn:      0.13.2
2026-08-13 15:35:49 | INFO | M07 |   requests:     2.34.2
2026-08-13 15:35:49 | INFO | M07 |   plotly 6.9.0
2026-08-13 15:35:49 | INFO | M07 | API endpoint: https://ml-06-serving.onrender.com/predict
2026-08-13 15:42:28 | INFO | M07 | === RUN START ===
2026-08-13 15:42:28 | INFO | M07 | project=M07
2026-08-13 15:42:28 | INFO | M07 | repo_dir=ml-07-applied
2026-08-13 15:42:28 | INFO | M07 | python=3.14.7
2026-08-13 15:42:28 | INFO | M07 | os=Linux 6.8.0-1052-azure
2026-08-13 15:42:28 | INFO | M07 | shell=bash
2026-08-13 15:42:28 | INFO | M07 | cwd=notebooks
2026-08-13 15:42:28 | INFO | M07 | github_actions=False
2026-08-13 15:42:28 | INFO | M07 | Confirming installation:
2026-08-13 15:42:28 | INFO | M07 |   python:       3.14.7
2026-08-13 15:42:28 | INFO | M07 |   pandas:       3.0.5
2026-08-13 15:42:28 | INFO | M07 |   numpy:        2.5.2
2026-08-13 15:42:28 | INFO | M07 |   matplotlib:   3.11.1
2026-08-13 15:42:28 | INFO | M07 |   seaborn:      0.13.2
2026-08-13 15:42:28 | INFO | M07 |   requests:     2.34.2
2026-08-13 15:42:28 | INFO | M07 |   plotly 6.9.0
2026-08-13 15:42:28 | INFO | M07 | API endpoint: https://ml-06-serving.onrender.com/predict
2026-08-13 15:42:28 | INFO | M07 | Baseline predictions:
2026-08-13 15:42:58 | INFO | M07 |   expected=Adelie     got=TIMEOUT (server may be sleeping - try again) [MISMATCH]
2026-08-13 15:43:28 | INFO | M07 |   expected=Chinstrap  got=TIMEOUT (server may be sleeping - try again) [MISMATCH]
2026-08-13 15:43:50 | INFO | M07 |   expected=Gentoo     got=Gentoo     [OK]
2026-08-13 15:43:57 | INFO | M07 | bill_length_mm sweep:
2026-08-13 15:43:57 | INFO | M07 |  bill_length_mm prediction
      30.000000     Adelie
      31.578947     Adelie
      33.157895     Adelie
      34.736842     Adelie
      36.315789     Adelie
      37.894737     Adelie
      39.473684     Adelie
      41.052632     Adelie
      42.631579  Chinstrap
      44.210526  Chinstrap
      45.789474  Chinstrap
      47.368421  Chinstrap
      48.947368  Chinstrap
      50.526316  Chinstrap
      52.105263  Chinstrap
      53.684211  Chinstrap
      55.263158  Chinstrap
      56.842105  Chinstrap
      58.421053  Chinstrap
      60.000000  Chinstrap
2026-08-13 15:43:57 | INFO | M07 | ANALYST CHOICE: Where does the prediction shift and does that match your expectation?
2026-08-13 15:44:04 | INFO | M07 | flipper_length_mm sweep:
2026-08-13 15:44:04 | INFO | M07 |  flipper_length_mm prediction
        160.000000     Adelie
        166.315789     Adelie
        172.631579     Adelie
        178.947368     Adelie
        185.263158     Adelie
        191.578947     Adelie
        197.894737     Adelie
        204.210526     Adelie
        210.526316     Adelie
        216.842105     Adelie
        223.157895     Adelie
        229.473684     Adelie
        235.789474     Adelie
        242.105263     Adelie
        248.421053     Adelie
        254.736842     Adelie
        261.052632     Adelie
        267.368421     Adelie
        273.684211     Adelie
        280.000000     Adelie
2026-08-13 15:44:36 | INFO | M07 | ANALYST CHOICE: What does the boundary shape tell you about the model?
2026-08-13 15:44:36 | INFO | M07 | Edge case results:
2026-08-13 15:44:36 | INFO | M07 |   missing feature        -> ERROR: 422 Client Error: Unprocessable Entity for url: https://ml-06-serving.onrender.com/predict
2026-08-13 15:44:36 | INFO | M07 |   extreme bill length    -> Adelie
2026-08-13 15:44:37 | INFO | M07 |   very large bill        -> Chinstrap
2026-08-13 15:44:37 | INFO | M07 |   negative value         -> Adelie
2026-08-13 15:44:37 | INFO | M07 |   zero body mass         -> Adelie
2026-08-13 15:44:37 | INFO | M07 | ANALYST CHOICE: Which edge cases were handled cleanly and which were not?
2026-08-13 15:44:37 | INFO | M07 | ========================
2026-08-13 15:44:37 | INFO | M07 | SUMMARY
2026-08-13 15:44:37 | INFO | M07 | ========================
2026-08-13 15:44:37 | INFO | M07 | API endpoint: https://ml-06-serving.onrender.com/predict
2026-08-13 15:44:37 | INFO | M07 | ========================
2026-08-13 15:52:54 | INFO | M07 | === RUN START ===
2026-08-13 15:52:54 | INFO | M07 | project=M07
2026-08-13 15:52:54 | INFO | M07 | repo_dir=ml-07-applied
2026-08-13 15:52:54 | INFO | M07 | python=3.14.7
2026-08-13 15:52:54 | INFO | M07 | os=Linux 6.8.0-1052-azure
2026-08-13 15:52:54 | INFO | M07 | shell=bash
2026-08-13 15:52:54 | INFO | M07 | cwd=notebooks
2026-08-13 15:52:54 | INFO | M07 | github_actions=False
2026-08-13 15:52:54 | INFO | M07 | Confirming installation:
2026-08-13 15:52:54 | INFO | M07 |   python:       3.14.7
2026-08-13 15:52:54 | INFO | M07 |   pandas:       3.0.5
2026-08-13 15:52:54 | INFO | M07 |   numpy:        2.5.2
2026-08-13 15:52:54 | INFO | M07 |   matplotlib:   3.11.1
2026-08-13 15:52:54 | INFO | M07 |   seaborn:      0.13.2
2026-08-13 15:52:54 | INFO | M07 |   requests:     2.34.2
2026-08-13 15:52:54 | INFO | M07 |   plotly 6.9.0
2026-08-13 15:52:54 | INFO | M07 | API endpoint: https://ml-06-serving.onrender.com/predict
2026-08-13 15:52:54 | INFO | M07 | Baseline predictions:
2026-08-13 15:52:55 | INFO | M07 | Adelie
2026-08-13 15:52:55 | INFO | M07 |   expected=Adelie     got=Adelie     [OK]
2026-08-13 15:52:55 | INFO | M07 | Chinstrap
2026-08-13 15:52:55 | INFO | M07 |   expected=Chinstrap  got=Chinstrap  [OK]
2026-08-13 15:52:55 | INFO | M07 | Gentoo
2026-08-13 15:52:55 | INFO | M07 |   expected=Gentoo     got=Gentoo     [OK]
2026-08-13 15:52:56 | INFO | M07 | Chinstrap
2026-08-13 15:52:56 | INFO | M07 |   expected=MedianSurprise got=Chinstrap  [MISMATCH]
2026-08-13 15:52:58 | INFO | M07 | bill_length_mm sweep:
2026-08-13 15:52:58 | INFO | M07 |  bill_length_mm prediction
      30.000000     Adelie
      33.333333     Adelie
      36.666667     Adelie
      40.000000     Adelie
      43.333333     Gentoo
      46.666667  Chinstrap
      50.000000  Chinstrap
      53.333333  Chinstrap
      56.666667  Chinstrap
      60.000000  Chinstrap
2026-08-13 15:52:59 | INFO | M07 | ANALYST CHOICE: Where does the prediction shift and does that match your expectation?
2026-08-13 15:53:04 | INFO | M07 | flipper_length_mm sweep:
2026-08-13 15:53:04 | INFO | M07 |  flipper_length_mm prediction
        160.000000     Adelie
        166.315789     Adelie
        172.631579     Adelie
        178.947368     Adelie
        185.263158     Adelie
        191.578947     Adelie
        197.894737     Adelie
        204.210526     Adelie
        210.526316     Adelie
        216.842105     Adelie
        223.157895     Adelie
        229.473684     Adelie
        235.789474     Adelie
        242.105263     Adelie
        248.421053     Adelie
        254.736842     Adelie
        261.052632     Adelie
        267.368421     Adelie
        273.684211     Adelie
        280.000000     Adelie
2026-08-13 15:53:31 | INFO | M07 | ANALYST CHOICE: What does the boundary shape tell you about the model?
2026-08-13 15:53:31 | INFO | M07 | Edge case results:
2026-08-13 15:53:31 | INFO | M07 |   missing feature        -> ERROR: 422 Client Error: Unprocessable Entity for url: https://ml-06-serving.onrender.com/predict
2026-08-13 15:53:31 | INFO | M07 |   extreme bill length    -> Adelie
2026-08-13 15:53:32 | INFO | M07 |   very large bill        -> Chinstrap
2026-08-13 15:53:32 | INFO | M07 |   negative value         -> Adelie
2026-08-13 15:53:32 | INFO | M07 |   zero body mass         -> Adelie
2026-08-13 15:53:32 | INFO | M07 | ANALYST CHOICE: Which edge cases were handled cleanly and which were not?
2026-08-13 15:53:32 | INFO | M07 | ========================
2026-08-13 15:53:32 | INFO | M07 | SUMMARY
2026-08-13 15:53:32 | INFO | M07 | ========================
2026-08-13 15:53:32 | INFO | M07 | API endpoint: https://ml-06-serving.onrender.com/predict
2026-08-13 15:53:32 | INFO | M07 | ========================
2026-08-13 16:11:14 | INFO | M07 | Edge case results:
2026-08-13 16:11:14 | INFO | M07 |   missing feature        -> ERROR: 422 Client Error: Unprocessable Entity for url: https://ml-06-serving.onrender.com/predict
2026-08-13 16:11:14 | INFO | M07 |   extreme bill length    -> Adelie
2026-08-13 16:11:14 | INFO | M07 |   very large bill        -> Chinstrap
2026-08-13 16:11:15 | INFO | M07 |   negative value         -> Adelie
2026-08-13 16:11:15 | INFO | M07 |   zero body mass         -> Adelie
2026-08-13 16:11:15 | INFO | M07 | ANALYST CHOICE: Which edge cases were handled cleanly and which were not?
2026-08-13 16:11:15 | INFO | M07 | ========================
2026-08-13 16:11:15 | INFO | M07 | SUMMARY
2026-08-13 16:11:15 | INFO | M07 | ========================
2026-08-13 16:11:15 | INFO | M07 | API endpoint: https://ml-06-serving.onrender.com/predict
2026-08-13 16:11:15 | INFO | M07 | ========================
2026-08-13 16:16:59 | INFO | M07 | Edge case results:
2026-08-13 16:16:59 | INFO | M07 |   missing feature        -> ERROR: 422 Client Error: Unprocessable Entity for url: https://ml-06-serving.onrender.com/predict
2026-08-13 16:17:00 | INFO | M07 |   extreme bill length    -> Adelie
2026-08-13 16:17:00 | INFO | M07 |   very large bill        -> Chinstrap
2026-08-13 16:17:00 | INFO | M07 |   negative value         -> Adelie
2026-08-13 16:17:00 | INFO | M07 |   zero body mass         -> Adelie
2026-08-13 16:17:00 | INFO | M07 | ANALYST CHOICE: Which edge cases were handled cleanly and which were not?
2026-08-13 16:17:00 | INFO | M07 | ========================
2026-08-13 16:17:00 | INFO | M07 | SUMMARY
2026-08-13 16:17:00 | INFO | M07 | ========================
2026-08-13 16:17:00 | INFO | M07 | API endpoint: https://ml-06-serving.onrender.com/predict
2026-08-13 16:17:00 | INFO | M07 | ========================
2026-08-13 16:17:31 | INFO | M07 | === RUN START ===
2026-08-13 16:17:31 | INFO | M07 | project=M07
2026-08-13 16:17:31 | INFO | M07 | repo_dir=ml-07-applied
2026-08-13 16:17:31 | INFO | M07 | python=3.14.7
2026-08-13 16:17:32 | INFO | M07 | os=Linux 6.8.0-1052-azure
2026-08-13 16:17:32 | INFO | M07 | shell=bash
2026-08-13 16:17:32 | INFO | M07 | cwd=notebooks
2026-08-13 16:17:32 | INFO | M07 | github_actions=False
2026-08-13 16:17:32 | INFO | M07 | Confirming installation:
2026-08-13 16:17:32 | INFO | M07 |   python:       3.14.7
2026-08-13 16:17:32 | INFO | M07 |   pandas:       3.0.5
2026-08-13 16:17:32 | INFO | M07 |   numpy:        2.5.2
2026-08-13 16:17:32 | INFO | M07 |   matplotlib:   3.11.1
2026-08-13 16:17:32 | INFO | M07 |   seaborn:      0.13.2
2026-08-13 16:17:32 | INFO | M07 |   requests:     2.34.2
2026-08-13 16:17:32 | INFO | M07 |   plotly 6.9.0
2026-08-13 16:17:32 | INFO | M07 | API endpoint: https://ml-06-serving.onrender.com/predict
2026-08-13 16:17:32 | INFO | M07 | Baseline predictions:
2026-08-13 16:17:32 | INFO | M07 | Adelie
2026-08-13 16:17:32 | INFO | M07 |   expected=Adelie     got=Adelie     [OK]
2026-08-13 16:17:32 | INFO | M07 | Chinstrap
2026-08-13 16:17:32 | INFO | M07 |   expected=Chinstrap  got=Chinstrap  [OK]
2026-08-13 16:17:33 | INFO | M07 | Gentoo
2026-08-13 16:17:33 | INFO | M07 |   expected=Gentoo     got=Gentoo     [OK]
2026-08-13 16:17:33 | INFO | M07 | Chinstrap
2026-08-13 16:17:33 | INFO | M07 |   expected=MedianSurprise got=Chinstrap  [MISMATCH]
2026-08-13 16:17:35 | INFO | M07 | bill_length_mm sweep:
2026-08-13 16:17:35 | INFO | M07 |  bill_length_mm prediction
      30.000000     Adelie
      33.333333     Adelie
      36.666667     Adelie
      40.000000     Adelie
      43.333333     Gentoo
      46.666667  Chinstrap
      50.000000  Chinstrap
      53.333333  Chinstrap
      56.666667  Chinstrap
      60.000000  Chinstrap
2026-08-13 16:17:36 | INFO | M07 | ANALYST CHOICE: Where does the prediction shift and does that match your expectation?
2026-08-13 16:17:41 | INFO | M07 | flipper_length_mm sweep:
2026-08-13 16:17:41 | INFO | M07 |  flipper_length_mm prediction
        160.000000     Adelie
        166.315789     Adelie
        172.631579     Adelie
        178.947368     Adelie
        185.263158     Adelie
        191.578947     Adelie
        197.894737     Adelie
        204.210526     Adelie
        210.526316     Adelie
        216.842105     Adelie
        223.157895     Adelie
        229.473684     Adelie
        235.789474     Adelie
        242.105263     Adelie
        248.421053     Adelie
        254.736842     Adelie
        261.052632     Adelie
        267.368421     Adelie
        273.684211     Adelie
        280.000000     Adelie
2026-08-13 16:18:07 | INFO | M07 | ANALYST CHOICE: What does the boundary shape tell you about the model?
2026-08-13 16:18:58 | INFO | M07 | Edge case results:
2026-08-13 16:18:59 | INFO | M07 |   missing feature        -> ERROR: 422 Client Error: Unprocessable Entity for url: https://ml-06-serving.onrender.com/predict
2026-08-13 16:18:59 | INFO | M07 |   extreme bill length    -> Adelie
2026-08-13 16:18:59 | INFO | M07 |   very large bill        -> Chinstrap
2026-08-13 16:18:59 | INFO | M07 |   negative value         -> Adelie
2026-08-13 16:18:59 | INFO | M07 |   zero body mass         -> Adelie
2026-08-13 16:18:59 | INFO | M07 | ANALYST CHOICE: Which edge cases were handled cleanly and which were not?
2026-08-13 16:18:59 | INFO | M07 | ========================
2026-08-13 16:18:59 | INFO | M07 | SUMMARY
2026-08-13 16:18:59 | INFO | M07 | ========================
2026-08-13 16:18:59 | INFO | M07 | API endpoint: https://ml-06-serving.onrender.com/predict
2026-08-13 16:18:59 | INFO | M07 | ========================
